========================================
  Job array index : 3
  Retrain ID      : 2
  Save dir        : models/ensemble/retrain_2
  Device          : cpu
  GPU             : NVIDIA A10
========================================

============================================================
  Training decoder 1/3
============================================================
  Saved: models/ensemble/retrain_2/vae_decoder_0.pt

============================================================
  Training decoder 2/3
============================================================
  Saved: models/ensemble/retrain_2/vae_decoder_1.pt

============================================================
  Training decoder 3/3
============================================================
  Saved: models/ensemble/retrain_2/vae_decoder_2.pt

Done: retrain_2

------------------------------------------------------------
Sender: LSF System <lsfadmin@hpc.dtu.dk>
Subject: Job 28130605[3]: <ens_train[1-10]> in cluster <dcc> Done

Job <ens_train[1-10]> was submitted from host <hpclogin1> by user <s214374> in cluster <dcc> at Wed Apr  1 10:02:46 2026
Job was executed on host(s) <4*n-62-18-5>, in queue <gpua10>, as user <s214374> in cluster <dcc> at Wed Apr  1 10:04:48 2026
</zhome/02/6/167678> was used as the home directory.
</work3/s214374/AdvancedML> was used as the working directory.
Started at Wed Apr  1 10:04:48 2026
Terminated at Wed Apr  1 10:06:43 2026
Results reported at Wed Apr  1 10:06:43 2026

Your job looked like:

------------------------------------------------------------
# LSBATCH: User input
#!/bin/bash
# ===========================================================================
# train_ensemble.sh — Train all M retrainings × K decoders for ensemble VAE
#
# Uses LSF job array: each task trains one full retrain (3 decoders).
# Array index 1..10 maps to retrain_0..retrain_9.
#
# Queue: gpua10 (lowest wait times on DTU HPC)
#
# Submit:   bsub < batch/train_ensemble.sh
# ===========================================================================
#BSUB -J ens_train[1-10]
#BSUB -q gpua10
#BSUB -n 4
#BSUB -R "rusage[mem=8GB]"
#BSUB -R "span[hosts=1]"
#BSUB -gpu "num=1:mode=exclusive_process"
#BSUB -W 04:00
#BSUB -o logs/ens_train_%J_%I.out
#BSUB -e logs/ens_train_%J_%I.err

set -euo pipefail

# ── Environment ───────────────────────────────────────────────────────
REPO_DIR="/work3/s214374/AdvancedML"
cd "$REPO_DIR"

module load python3/3.12.7
module load cuda/12.2.2
module load cudnn/v9.1.1.17-prod-cuda-12.X

export PATH="$HOME/.local/bin:$PATH"
source .venv/bin/activate
export PYTHONUNBUFFERED=1
export PYTHONPATH="$REPO_DIR/src:$PYTHONPATH"

mkdir -p logs models/ensemble

# ── Map array index → retrain_id ──────────────────────────────────────
RETRAIN_ID=$(( ${LSB_JOBINDEX} - 1 ))
SAVE_DIR="models/ensemble/retrain_${RETRAIN_ID}"

echo "========================================"
echo "  Job array index : ${LSB_JOBINDEX}"
echo "  Retrain ID      : ${RETRAIN_ID}"
echo "  Save dir        : ${SAVE_DIR}"
echo "  Device          : $(python -c 'import torch; print("cuda" if torch.cuda.is_available() else "cpu")')"
echo "  GPU             : $(nvidia-smi --query-gpu=name --format=csv,noheader 2>/dev/null || echo 'N/A')"
echo "========================================"


(... more ...)
------------------------------------------------------------

Successfully completed.

Resource usage summary:

    CPU time :                                   108.00 sec.
    Max Memory :                                 239 MB
    Average Memory :                             215.00 MB
    Total Requested Memory :                     32768.00 MB
    Delta Memory :                               32529.00 MB
    Max Swap :                                   -
    Max Processes :                              4
    Max Threads :                                8
    Run time :                                   115 sec.
    Turnaround time :                            237 sec.

The output (if any) is above this job summary.



PS:

Read file <logs/ens_train_28130605_3.err> for stderr output of this job.

